/*
* Copyright 2016 ligaDATA
*
* Licensed under the Apache License, Version 2.0 (the "License");
* you may not use this file except in compliance with the License.
* You may obtain a copy of the License at
*
*     http://www.apache.org/licenses/LICENSE-2.0
*
* Unless required by applicable law or agreed to in writing, software
* distributed under the License is distributed on an "AS IS" BASIS,
* WITHOUT WARRANTIES OR CONDITIONS OF ANY KIND, either express or implied.
* See the License for the specific language governing permissions and
* limitations under the License.
*/
package com.ligadata.jtm.test.code.V1
import com.ligadata.KamanjaBase._
import com.ligadata.KvBase.TimeRange
import com.ligadata.kamanja.metadata.ModelDef
import com.ligadata.runtime._
import com.ligadata.Utils._
// Package code start
def ValidateNumberPackage(value: String) = {
  true
}
// Package code end
class ModelFactory(modelDef: ModelDef, nodeContext: NodeContext) extends ModelInstanceFactory(modelDef, nodeContext) {
  // Factory code start
  def ValidateNumberFactory(value: String) = {
    true
  }
  // Factory code end
  override def createModelInstance(): ModelInstance = return new Model(this)
  override def getModelName: String = "com.ligadata.jtm.test.code.Model"
  override def getVersion: String = "0.0.1"
  override def createResultObject(): ModelResultBase = new MappedModelResults()
  override def isModelInstanceReusable(): Boolean = true;
}
class common_exeGenerated_test1_1(conversion: com.ligadata.runtime.Conversion,
log: com.ligadata.runtime.Log,
context: com.ligadata.runtime.JtmContext,
msg1: com.ligadata.kamanja.test.V1000000.arrin1) {
  import log._
  val elements: Array[String] = msg1.mydata
}
class common_exeGenerated_test1_1_process_o1(conversion: com.ligadata.runtime.Conversion,
log : com.ligadata.runtime.Log,
context: com.ligadata.runtime.JtmContext,
common: common_exeGenerated_test1_1,
msg1: com.ligadata.kamanja.test.V1000000.arrin1) {
  import log._
  import common._
  val result: Array[MessageInterface]= try {
    if (!(!(msg1.ext_type_id != "j10"))) {
      Debug("Filtered: test1@o1")
      Array.empty[MessageInterface]
    } else {
      val t1: String = "s:" + elements(1).toString()
      val t2: String = "arryout"
      val result = com.ligadata.kamanja.test.V1000000.arrout1.createInstance
      result.mydata = Array(elements(0) t1, elements(2), elements(3))
      result.out_ext_type_id = t2
      if (result.hasTimePartitionInfo) result.setTimePartitionData ;
      if(context.CurrentErrors()==0) {
        Array(result)
      } else {
        throw new AbortOutputException(context.CurrentErrorList().toString)
      }
    }
  } catch {
    case e: AbortOutputException => {
      context.AddError(e.getMessage)
      Array.empty[MessageInterface]
    }
    case e: Exception => {
      context.AddError(e.getMessage)
      Array.empty[MessageInterface]
    }
  }
}
class Model(factory: ModelInstanceFactory) extends ModelInstance(factory) {
  val conversion = new com.ligadata.runtime.Conversion
  val log = new com.ligadata.runtime.Log(this.getClass.getName)
  val context = new com.ligadata.runtime.JtmContext
  import log._
  // Model code start
  def ValidateNumberModel(value: String) = {
    true
  }
  // Model code end
  override def execute(txnCtxt: TransactionContext, execMsgsSet: Array[ContainerOrConcept], triggerdSetIndex: Int, outputDefault: Boolean): Array[ContainerOrConcept] = {
    context.Reset(); // Resetting the JtmContext before executing the model
    if (isTraceEnabled)
    Trace(s"Model::execute transid=%d triggeredset=%d outputdefault=%s".format(txnCtxt.transId, triggerdSetIndex, outputDefault.toString))
    if(isDebugEnabled)
    {
      execMsgsSet.foreach(m => Debug( s"Input: %s -> %s".format(m.getFullTypeName, m.toString())))
    }
    // Grok parts
    // Model methods
    def exeGenerated_test1_1(msg1: com.ligadata.kamanja.test.V1000000.arrin1): Array[MessageInterface] = {
      Debug("exeGenerated_test1_1")
      context.SetSection("test1")
      val common = new common_exeGenerated_test1_1(conversion, log, context, msg1)
      def process_o1(): Array[MessageInterface] = {
        Debug("exeGenerated_test1_1::process_o1")
        context.SetScope("o1")
        val result = new common_exeGenerated_test1_1_process_o1(conversion, log, context, common, msg1)
        result.result
      }
      try {
        process_o1()
      } catch {
        case e: AbortTransformationException => {
          return Array.empty[MessageInterface]
        }
      }
    }
    // Evaluate messages
    val msgs = execMsgsSet.map(m => m.getFullTypeName -> m).toMap
    val msg1 = msgs.getOrElse("com.ligadata.kamanja.test.arrin1", null).asInstanceOf[com.ligadata.kamanja.test.V1000000.arrin1]
    // Main dependency -> execution check
    // Create result object
    val results: Array[MessageInterface] =
    try {
      (if(msg1!=null) {
        exeGenerated_test1_1(msg1)
      } else {
        Array.empty[MessageInterface]
      }) ++
      Array.empty[MessageInterface]
    } catch {
      case e: AbortExecuteException => {
        Array.empty[MessageInterface]
      }
    }
    if(isDebugEnabled)
    {
      results.foreach(m => Debug( s"Output: %s -> %s".format(m.getFullTypeName, m.toString())))
    }
    results.asInstanceOf[Array[ContainerOrConcept]]
  }
}
