/*
* Copyright 2016 ligaDATA
*
* Licensed under the Apache License, Version 2.0 (the "License");
* you may not use this file except in compliance with the License.
* You may obtain a copy of the License at
*
*     http://www.apache.org/licenses/LICENSE-2.0
*
* Unless required by applicable law or agreed to in writing, software
* distributed under the License is distributed on an "AS IS" BASIS,
* WITHOUT WARRANTIES OR CONDITIONS OF ANY KIND, either express or implied.
* See the License for the specific language governing permissions and
* limitations under the License.
*/
package com.ligadata.jtm.test.v3.filter.V1
import com.ligadata.KamanjaBase._
import com.ligadata.KvBase.TimeRange
import com.ligadata.kamanja.metadata.ModelDef
import com.ligadata.runtime._
import com.ligadata.Utils._
// Package code start
// Package code end
class ModelFactory(modelDef: ModelDef, nodeContext: NodeContext) extends ModelInstanceFactory(modelDef, nodeContext) {
  // Factory code start
  // Factory code end
  override def createModelInstance(): ModelInstance = return new Model(this)
  override def getModelName: String = "com.ligadata.jtm.test.v3.filter.Model"
  override def getVersion: String = "0.0.1"
  override def createResultObject(): ModelResultBase = new MappedModelResults()
  override def isModelInstanceReusable(): Boolean = true;
}
class common_exeGenerated_test1_1(conversion: com.ligadata.runtime.Conversion,
log: com.ligadata.runtime.Log,
context: com.ligadata.runtime.JtmContext,
msg1: com.ligadata.kamanja.test.V1000000.msg1, msg2: com.ligadata.kamanja.test.V1000000.msg3, msg3: com.ligadata.kamanja.test.V1000000.msg5) {
  import log._
  // in scala, type could be optional
  val zipcode: Int = iplookup(msg2.in1).zipcode
  val zipcode1: Int = iplookup(msg1.in1).zipcode
  // type could be some class available from imports
  val ipinfo: IpInfo = iplookup(msg2.in1)
}
class common_exeGenerated_test1_1_process_omsg2(conversion: com.ligadata.runtime.Conversion,
log : com.ligadata.runtime.Log,
context: com.ligadata.runtime.JtmContext,
common: common_exeGenerated_test1_1,
msg1: com.ligadata.kamanja.test.V1000000.msg1, msg2: com.ligadata.kamanja.test.V1000000.msg3, msg3: com.ligadata.kamanja.test.V1000000.msg5) {
  import log._
  import common._
  val result: Array[MessageInterface]= try {
    if (!(!(msg2.in2 != -1 && msg2.in2 < 100))) {
      Debug("Filtered: test1@omsg2")
      Array.empty[MessageInterface]
    } else {
      val tmp8: String = somefunc2(msg2.in3)
      val result = com.ligadata.kamanja.test.V1000000.msg2.createInstance
      result.out4 = ipinfo.zipCode
      result.out3 = somefunc(zipcode, zipcode1)
      result.out2 = tmp8
      result.out1 = msg2.in1
      if (result.hasTimePartitionInfo) result.setTimePartitionData ;
      if(context.CurrentErrors()==0) {
        Array(result)
      } else {
        Array.empty[MessageInterface]
      }
    }
  } catch {
    case e: AbortOutputException => {
      context.AddError(e.getMessage)
      Array.empty[MessageInterface]
    }
    case e: Exception => {
      Debug("Exception: omsg2:" + e.getMessage)
      throw e
    }
  }
}
class common_exeGenerated_test1_2(conversion: com.ligadata.runtime.Conversion,
log: com.ligadata.runtime.Log,
context: com.ligadata.runtime.JtmContext,
msg2: com.ligadata.kamanja.test.V1000000.msg3, msg3: com.ligadata.kamanja.test.V1000000.msg5, msg4: com.ligadata.kamanja.test.V1000000.msg6) {
  import log._
  // in scala, type could be optional
  val zipcode: Int = iplookup(msg2.in1).zipcode
  val zipcode1: Int = iplookup(msg2.in1.zipcode
  // type could be some class available from imports
  val ipinfo: IpInfo = iplookup(msg2.in1)
}
class common_exeGenerated_test1_2_process_omsg2(conversion: com.ligadata.runtime.Conversion,
log : com.ligadata.runtime.Log,
context: com.ligadata.runtime.JtmContext,
common: common_exeGenerated_test1_2,
msg2: com.ligadata.kamanja.test.V1000000.msg3, msg3: com.ligadata.kamanja.test.V1000000.msg5, msg4: com.ligadata.kamanja.test.V1000000.msg6) {
  import log._
  import common._
  val result: Array[MessageInterface]= try {
    if (!(!(msg2.in2 != -1 && msg2.in2 < 100))) {
      Debug("Filtered: test1@omsg2")
      Array.empty[MessageInterface]
    } else {
      val tmp8: String = somefunc2(msg2.in3)
      val result = com.ligadata.kamanja.test.V1000000.msg2.createInstance
      result.out4 = ipinfo.zipCode
      result.out3 = somefunc(zipcode, zipcode1)
      result.out2 = tmp8
      result.out1 = msg2.in1
      if (result.hasTimePartitionInfo) result.setTimePartitionData ;
      if(context.CurrentErrors()==0) {
        Array(result)
      } else {
        Array.empty[MessageInterface]
      }
    }
  } catch {
    case e: AbortOutputException => {
      context.AddError(e.getMessage)
      Array.empty[MessageInterface]
    }
    case e: Exception => {
      Debug("Exception: omsg2:" + e.getMessage)
      throw e
    }
  }
}
class common_exeGenerated_test2_3(conversion: com.ligadata.runtime.Conversion,
log: com.ligadata.runtime.Log,
context: com.ligadata.runtime.JtmContext,
msg2: com.ligadata.kamanja.test.V1000000.msg3) {
  import log._
}
class common_exeGenerated_test2_3_process_omsg3(conversion: com.ligadata.runtime.Conversion,
log : com.ligadata.runtime.Log,
context: com.ligadata.runtime.JtmContext,
common: common_exeGenerated_test2_3,
msg2: com.ligadata.kamanja.test.V1000000.msg3) {
  import log._
  import common._
  val result: Array[MessageInterface]= try {
    val result = com.ligadata.kamanja.test.V1000000.msg4.createInstance
    result.out4 = msg2.in1
    result.out3 = msg2.in1
    result.out2 = conversion.ToString(msg2.in1)
    result.out1 = msg2.in1
    if (result.hasTimePartitionInfo) result.setTimePartitionData ;
    if(context.CurrentErrors()==0) {
      Array(result)
    } else {
      Array.empty[MessageInterface]
    }
  } catch {
    case e: AbortOutputException => {
      context.AddError(e.getMessage)
      Array.empty[MessageInterface]
    }
    case e: Exception => {
      Debug("Exception: omsg3:" + e.getMessage)
      throw e
    }
  }
}
class Model(factory: ModelInstanceFactory) extends ModelInstance(factory) {
  val conversion = new com.ligadata.runtime.Conversion
  val log = new com.ligadata.runtime.Log(this.getClass.getName)
  val context = new com.ligadata.runtime.JtmContext
  import log._
  // Model code start
  // Model code end
  override def execute(txnCtxt: TransactionContext, execMsgsSet: Array[ContainerOrConcept], triggerdSetIndex: Int, outputDefault: Boolean): Array[ContainerOrConcept] = {
    context.Reset(); // Resetting the JtmContext before executing the model
    if (isTraceEnabled)
    Trace(s"Model::execute transid=%d triggeredset=%d outputdefault=%s".format(txnCtxt.transId, triggerdSetIndex, outputDefault.toString))
    if(isDebugEnabled)
    {
      execMsgsSet.foreach(m => Debug( s"Input: %s -> %s".format(m.getFullTypeName, m.toString())))
    }
    // Grok parts
    // Model methods
    // msg2 is part of com.ligadata.jtm.test.filter
    def exeGenerated_test1_1(msg1: com.ligadata.kamanja.test.V1000000.msg1, msg2: com.ligadata.kamanja.test.V1000000.msg3, msg3: com.ligadata.kamanja.test.V1000000.msg5): Array[MessageInterface] = {
      Debug("exeGenerated_test1_1")
      context.SetSection("test1")
      val common = new common_exeGenerated_test1_1(conversion, log, context, msg1, msg2, msg3)
      def process_omsg2(): Array[MessageInterface] = {
        Debug("exeGenerated_test1_1::process_omsg2")
        context.SetScope("omsg2")
        val result = new common_exeGenerated_test1_1_process_omsg2(conversion, log, context, common, msg1, msg2, msg3)
        result.result
      }
      try {
        process_omsg2()
      } catch {
        case e: AbortTransformationException => {
          return Array.empty[MessageInterface]
        }
      }
    }
    // msg2 is part of com.ligadata.jtm.test.filter
    def exeGenerated_test1_2(msg2: com.ligadata.kamanja.test.V1000000.msg3, msg3: com.ligadata.kamanja.test.V1000000.msg5, msg4: com.ligadata.kamanja.test.V1000000.msg6): Array[MessageInterface] = {
      Debug("exeGenerated_test1_2")
      context.SetSection("test1")
      val common = new common_exeGenerated_test1_2(conversion, log, context, msg2, msg3, msg4)
      def process_omsg2(): Array[MessageInterface] = {
        Debug("exeGenerated_test1_2::process_omsg2")
        context.SetScope("omsg2")
        val result = new common_exeGenerated_test1_2_process_omsg2(conversion, log, context, common, msg2, msg3, msg4)
        result.result
      }
      try {
        process_omsg2()
      } catch {
        case e: AbortTransformationException => {
          return Array.empty[MessageInterface]
        }
      }
    }
    def exeGenerated_test2_3(msg2: com.ligadata.kamanja.test.V1000000.msg3): Array[MessageInterface] = {
      Debug("exeGenerated_test2_3")
      context.SetSection("test2")
      val common = new common_exeGenerated_test2_3(conversion, log, context, msg2)
      def process_omsg3(): Array[MessageInterface] = {
        Debug("exeGenerated_test2_3::process_omsg3")
        context.SetScope("omsg3")
        val result = new common_exeGenerated_test2_3_process_omsg3(conversion, log, context, common, msg2)
        result.result
      }
      try {
        process_omsg3()
      } catch {
        case e: AbortTransformationException => {
          return Array.empty[MessageInterface]
        }
      }
    }
    // Evaluate messages
    val msgs = execMsgsSet.map(m => m.getFullTypeName -> m).toMap
    val msg1 = msgs.getOrElse("com.ligadata.kamanja.test.msg1", null).asInstanceOf[com.ligadata.kamanja.test.V1000000.msg1]
    val msg2 = msgs.getOrElse("com.ligadata.kamanja.test.msg3", null).asInstanceOf[com.ligadata.kamanja.test.V1000000.msg3]
    val msg3 = msgs.getOrElse("com.ligadata.kamanja.test.msg5", null).asInstanceOf[com.ligadata.kamanja.test.V1000000.msg5]
    val msg4 = msgs.getOrElse("com.ligadata.kamanja.test.msg6", null).asInstanceOf[com.ligadata.kamanja.test.V1000000.msg6]
    // Main dependency -> execution check
    // Create result object
    val results: Array[MessageInterface] =
    try {
      (if(msg1!=null && msg2!=null && msg3!=null) {
        exeGenerated_test1_1(msg1, msg2, msg3)
      } else {
        Array.empty[MessageInterface]
      }) ++
      (if(msg2!=null && msg3!=null && msg4!=null) {
        exeGenerated_test1_2(msg2, msg3, msg4)
      } else {
        Array.empty[MessageInterface]
      }) ++
      (if(msg2!=null) {
        exeGenerated_test2_3(msg2)
      } else {
        Array.empty[MessageInterface]
      }) ++
      Array.empty[MessageInterface]
    } catch {
      case e: AbortExecuteException => {
        Array.empty[MessageInterface]
      }
    }
    if(isDebugEnabled)
    {
      results.foreach(m => Debug( s"Output: %s -> %s".format(m.getFullTypeName, m.toString())))
    }
    results.asInstanceOf[Array[ContainerOrConcept]]
  }
}
